<html>
<body>
<pre>
<h1>µVision Build Log</h1>
<h2>Tool Versions:</h2>
IDE-Version: µVision V5.36.0.0
Copyright (C) 2021 ARM Ltd and ARM Germany GmbH. All rights reserved.
License Information: firstname lastname, company, LIC=----
 
Tool Versions:
Toolchain:       MDK-Lite  Version: 5.36.0.0
Toolchain Path:  F:\keil\ARM\ARMCC\Bin
C Compiler:      Armcc.exe V5.06 update 7 (build 960)
Assembler:       Armasm.exe V5.06 update 7 (build 960)
Linker/Locator:  ArmLink.exe V5.06 update 7 (build 960)
Library Manager: ArmAr.exe V5.06 update 7 (build 960)
Hex Converter:   FromElf.exe V5.06 update 7 (build 960)
CPU DLL:         SARMCM3.DLL V5.36.0.0
Dialog DLL:      DCM.DLL V1.17.3.0
Target DLL:      STLink\ST-LINKIII-KEIL_SWO.dll V3.0.9.0
Dialog DLL:      TCM.DLL V1.53.0.0
 
<h2>Project:</h2>
C:\Users\Apaxuc\Documents\shtory\MDK-ARM\shtory.uvprojx
Project File Date:  07/05/2023

<h2>Output:</h2>
*** Using Compiler 'V5.06 update 7 (build 960)', folder: 'F:\keil\ARM\ARMCC\Bin'
Build target 'shtory'
compiling main.c...
../Core/Src/main.c(174): warning:  #188-D: enumerated type mixed with another type
  							HAL_GPIO_WritePin(dir1_GPIO_Port, dir1_Pin, 1);							
../Core/Src/main.c(175): warning:  #188-D: enumerated type mixed with another type
  							HAL_GPIO_WritePin(en1_GPIO_Port, en1_Pin, 0);						
../Core/Src/main.c(181): warning:  #188-D: enumerated type mixed with another type
  							HAL_GPIO_WritePin(dir2_GPIO_Port, dir2_Pin, 1);							
../Core/Src/main.c(182): warning:  #188-D: enumerated type mixed with another type
  							HAL_GPIO_WritePin(en2_GPIO_Port, en2_Pin, 0);						
../Core/Src/main.c(203): warning:  #174-D: expression has no effect
  									if (((gerk1_GPIO_Port,gerk1_Pin)== no)||(HAL_GPIO_ReadPin(gerk2_GPIO_Port,gerk2_Pin)== no)){
../Core/Src/main.c(206): warning:  #188-D: enumerated type mixed with another type
  							HAL_GPIO_WritePin(dir1_GPIO_Port, dir1_Pin, 1);
../Core/Src/main.c(207): warning:  #188-D: enumerated type mixed with another type
  							HAL_GPIO_WritePin(dir2_GPIO_Port, dir2_Pin, 1);
../Core/Src/main.c(208): warning:  #188-D: enumerated type mixed with another type
  							HAL_GPIO_WritePin(en1_GPIO_Port, en1_Pin, ON);
../Core/Src/main.c(209): warning:  #188-D: enumerated type mixed with another type
  							HAL_GPIO_WritePin(en2_GPIO_Port, en2_Pin, ON);
../Core/Src/main.c(216): warning:  #188-D: enumerated type mixed with another type
  													HAL_GPIO_WritePin(dir1_GPIO_Port, dir1_Pin, 0);
../Core/Src/main.c(217): warning:  #188-D: enumerated type mixed with another type
  													HAL_GPIO_WritePin(dir2_GPIO_Port, dir2_Pin, 0);
../Core/Src/main.c(218): warning:  #188-D: enumerated type mixed with another type
  													HAL_GPIO_WritePin(en1_GPIO_Port, en1_Pin, ON);
../Core/Src/main.c(219): warning:  #188-D: enumerated type mixed with another type
  													HAL_GPIO_WritePin(en2_GPIO_Port, en2_Pin, ON);
../Core/Src/main.c(231): warning:  #188-D: enumerated type mixed with another type
  							HAL_GPIO_WritePin(dir1_GPIO_Port, dir1_Pin, ON);
../Core/Src/main.c(232): warning:  #188-D: enumerated type mixed with another type
  							HAL_GPIO_WritePin(dir2_GPIO_Port, dir2_Pin, ON);
../Core/Src/main.c(233): warning:  #188-D: enumerated type mixed with another type
  							HAL_GPIO_WritePin(en1_GPIO_Port, en1_Pin, 0);
../Core/Src/main.c(234): warning:  #188-D: enumerated type mixed with another type
  							HAL_GPIO_WritePin(en2_GPIO_Port, en2_Pin, 0);
../Core/Src/main.c(245): warning:  #188-D: enumerated type mixed with another type
  							HAL_GPIO_WritePin(en1_GPIO_Port, en1_Pin, OFF);
../Core/Src/main.c(252): warning:  #188-D: enumerated type mixed with another type
  							HAL_GPIO_WritePin(en2_GPIO_Port, en2_Pin, OFF);
../Core/Src/main.c(265): warning:  #188-D: enumerated type mixed with another type
  							HAL_GPIO_WritePin(en1_GPIO_Port, en1_Pin, OFF);
../Core/Src/main.c(269): warning:  #188-D: enumerated type mixed with another type
  							HAL_GPIO_WritePin(en2_GPIO_Port, en2_Pin, OFF);
../Core/Src/main.c(278): warning:  #188-D: enumerated type mixed with another type
  							HAL_GPIO_WritePin(dir1_GPIO_Port, dir1_Pin, 1);
../Core/Src/main.c(279): warning:  #188-D: enumerated type mixed with another type
  							HAL_GPIO_WritePin(dir2_GPIO_Port, dir2_Pin, 1);
../Core/Src/main.c(280): warning:  #188-D: enumerated type mixed with another type
  							HAL_GPIO_WritePin(en1_GPIO_Port, en1_Pin, ON);
../Core/Src/main.c(281): warning:  #188-D: enumerated type mixed with another type
  							HAL_GPIO_WritePin(en2_GPIO_Port, en2_Pin, ON);
../Core/Src/main.c(298): warning:  #188-D: enumerated type mixed with another type
  												HAL_GPIO_WritePin(dir1_GPIO_Port, dir1_Pin, 0);
../Core/Src/main.c(299): warning:  #188-D: enumerated type mixed with another type
  												HAL_GPIO_WritePin(dir2_GPIO_Port, dir2_Pin, 0);
../Core/Src/main.c(300): warning:  #188-D: enumerated type mixed with another type
  												HAL_GPIO_WritePin(en1_GPIO_Port, en1_Pin, 0);
../Core/Src/main.c(301): warning:  #188-D: enumerated type mixed with another type
  												HAL_GPIO_WritePin(en2_GPIO_Port, en2_Pin, 0);
../Core/Src/main.c(309): warning:  #188-D: enumerated type mixed with another type
  							HAL_GPIO_WritePin(dir1_GPIO_Port, dir1_Pin, 1);
../Core/Src/main.c(310): warning:  #188-D: enumerated type mixed with another type
  							HAL_GPIO_WritePin(dir2_GPIO_Port, dir2_Pin, 1);
../Core/Src/main.c(311): warning:  #188-D: enumerated type mixed with another type
  							HAL_GPIO_WritePin(en1_GPIO_Port, en1_Pin, 0);
../Core/Src/main.c(312): warning:  #188-D: enumerated type mixed with another type
  							HAL_GPIO_WritePin(en2_GPIO_Port, en2_Pin, 0);
../Core/Src/main.c(323): warning:  #188-D: enumerated type mixed with another type
  							HAL_GPIO_WritePin(en1_GPIO_Port, en1_Pin, 1);
../Core/Src/main.c(330): warning:  #188-D: enumerated type mixed with another type
  							HAL_GPIO_WritePin(en1_GPIO_Port, en2_Pin, 1);
../Core/Src/main.c(341): warning:  #188-D: enumerated type mixed with another type
  							HAL_GPIO_WritePin(dir1_GPIO_Port, dir1_Pin, 0);
../Core/Src/main.c(342): warning:  #188-D: enumerated type mixed with another type
  							HAL_GPIO_WritePin(dir2_GPIO_Port, dir2_Pin, 0);
../Core/Src/main.c(343): warning:  #188-D: enumerated type mixed with another type
  							HAL_GPIO_WritePin(en1_GPIO_Port, en1_Pin, 0);
../Core/Src/main.c(344): warning:  #188-D: enumerated type mixed with another type
  							HAL_GPIO_WritePin(en2_GPIO_Port, en2_Pin, 0);
../Core/Src/main.c(352): warning:  #188-D: enumerated type mixed with another type
  							HAL_GPIO_WritePin(en1_GPIO_Port, en1_Pin, 1);
../Core/Src/main.c(356): warning:  #188-D: enumerated type mixed with another type
  							HAL_GPIO_WritePin(en2_GPIO_Port, en2_Pin, 1);
../Core/Src/main.c(365): warning:  #188-D: enumerated type mixed with another type
  							HAL_GPIO_WritePin(dir1_GPIO_Port, dir1_Pin, 1);
../Core/Src/main.c(366): warning:  #188-D: enumerated type mixed with another type
  							HAL_GPIO_WritePin(dir2_GPIO_Port, dir2_Pin, 1);
../Core/Src/main.c(367): warning:  #188-D: enumerated type mixed with another type
  							HAL_GPIO_WritePin(en1_GPIO_Port, en1_Pin, 0);
../Core/Src/main.c(368): warning:  #188-D: enumerated type mixed with another type
  							HAL_GPIO_WritePin(en2_GPIO_Port, en2_Pin, 0);
../Core/Src/main.c(382): warning:  #188-D: enumerated type mixed with another type
  												HAL_GPIO_WritePin(dir1_GPIO_Port, dir1_Pin, 0);
../Core/Src/main.c(383): warning:  #188-D: enumerated type mixed with another type
  												HAL_GPIO_WritePin(dir2_GPIO_Port, dir2_Pin, 0);
../Core/Src/main.c(384): warning:  #188-D: enumerated type mixed with another type
  												HAL_GPIO_WritePin(en1_GPIO_Port, en1_Pin, 0);
../Core/Src/main.c(385): warning:  #188-D: enumerated type mixed with another type
  												HAL_GPIO_WritePin(en2_GPIO_Port, en2_Pin, 0);
../Core/Src/main.c(401): warning:  #188-D: enumerated type mixed with another type
  							HAL_GPIO_WritePin(en1_GPIO_Port, en1_Pin, 1);
../Core/Src/main.c(405): warning:  #188-D: enumerated type mixed with another type
  							HAL_GPIO_WritePin(en2_GPIO_Port, en2_Pin, 1);
../Core/Src/main.c(464): warning:  #188-D: enumerated type mixed with another type
  			HAL_GPIO_WritePin(led_GPIO_Port, led_Pin, 0);}
../Core/Src/main.c(467): warning:  #188-D: enumerated type mixed with another type
  				HAL_GPIO_WritePin(led_GPIO_Port,led_Pin, 1);
../Core/Src/main.c: 53 warnings, 0 errors
linking...
Program Size: Code=7480 RO-data=312 RW-data=116 ZI-data=1788  
FromELF: creating hex file...
"shtory\shtory.axf" - 0 Error(s), 53 Warning(s).

<h2>Software Packages used:</h2>

Package Vendor: ARM
                http://www.keil.com/pack/ARM.CMSIS.5.8.0.pack
                ARM.CMSIS.5.8.0
                CMSIS (Common Microcontroller Software Interface Standard)
   * Component: CORE Version: 5.5.0

Package Vendor: Keil
                https://www.keil.com/pack/Keil.STM32F1xx_DFP.2.4.1.pack
                Keil.STM32F1xx_DFP.2.4.1
                STMicroelectronics STM32F1 Series Device Support, Drivers and Examples

<h2>Collection of Component include folders:</h2>
  .\RTE\_shtory
  F:\keil\ARM\CMSIS\5.8.0\CMSIS\Core\Include
  F:\keil\Keil\STM32F1xx_DFP\2.4.1\Device\Include

<h2>Collection of Component Files used:</h2>

   * Component: ARM::CMSIS:CORE:5.5.0
      Include file:  CMSIS\Core\Include\tz_context.h
Build Time Elapsed:  00:00:01
</pre>
</body>
</html>
